00:00 3f:fe:05:07:00:00:00:01:02:00:86:ff:fe:05:80:da 3f:fe:05:07:00:00:00:01:02:60:97:ff:fe:07:69:ea 3a 00 00:87 00:88 (40 bytes) -> 1:ORxAZfN3ld7Sv73/HQTNnvgxbpY=
00:00 3f:fe:05:07:00:00:00:01:02:60:97:ff:fe:07:69:ea 3f:fe:05:07:00:00:00:01:02:00:86:ff:fe:05:80:da 3a 00 00:03 00:00 (40 bytes) -> 1:NdobDX8PQNJbAyfkWxhtL2Pqp5w=
00:00 fe:80:00:00:00:00:00:00:02:60:97:ff:fe:07:69:ea ff:02:00:00:00:00:00:00:00:00:00:00:00:00:00:01 3a 00 00:86 00:85 (40 bytes) -> 1:pkvHqCL88/tg1k4cPigmZXUtL00=
00:00 3f:fe:05:07:00:00:00:01:02:00:86:ff:fe:05:80:da ff:02:00:00:00:00:00:00:00:00:00:01:ff:07:69:ea 3a 00 00:87 00:88 (40 bytes) -> 1:MEixa66kuz0OMvlQqnAIzP3n2xg=
00:00 3f:fe:05:07:00:00:00:01:02:00:86:ff:fe:05:80:da 3f:fe:05:07:00:00:00:01:02:60:97:ff:fe:07:69:ea 3a 00 00:88 00:87 (40 bytes) -> 1:BtEUCMYecYjJ7spEkVZDiCFaMTY=
00:00 3f:fe:05:07:00:00:00:01:02:00:86:ff:fe:05:80:da 3f:fe:05:01:48:19:00:00:00:00:00:00:00:00:00:42 3a 00 00:01 00:04 (40 bytes) -> 1:jwuBy9UWZK1KUFqJV5cHdVpfrlY=
00:00 3f:fe:05:01:18:00:23:45:00:00:00:00:00:00:00:02 3f:fe:05:07:00:00:00:01:02:00:86:ff:fe:05:80:da 3a 00 00:03 00:00 (40 bytes) -> 1:2ObVBgIn28oZvibYZhZMBgh7WdQ=
00:00 fe:80:00:00:00:00:00:00:02:00:86:ff:fe:05:80:da fe:80:00:00:00:00:00:00:02:60:97:ff:fe:07:69:ea 3a 00 00:87 00:88 (40 bytes) -> 1:dGHyGvjMfljg6Bppwm3bg0LO8TY=
00:00 3f:fe:05:01:00:00:18:02:02:60:97:ff:fe:b6:7f:f0 3f:fe:05:07:00:00:00:01:02:00:86:ff:fe:05:80:da 3a 00 00:03 00:00 (40 bytes) -> 1:bnQKq8A2r//dWnkRW2EYcMhShjc=
00:00 3f:fe:05:01:04:10:00:00:02:c0:df:ff:fe:47:03:3e 3f:fe:05:07:00:00:00:01:02:00:86:ff:fe:05:80:da 3a 00 00:01 00:04 (40 bytes) -> 1:hLZd0XGWojozrvxqE0dWB1iM6R0=
00:00 3f:fe:05:07:00:00:00:01:02:00:86:ff:fe:05:80:da 3f:fe:05:07:00:00:00:01:02:60:97:ff:fe:07:69:ea 3a 00 00:80 00:81 (40 bytes) -> 1:GpbEQrKqfWtsfsFiqg8fufoZe5Y=
00:00 fe:80:00:00:00:00:00:00:02:00:86:ff:fe:05:80:da fe:80:00:00:00:00:00:00:02:60:97:ff:fe:07:69:ea 3a 00 00:88 00:87 (40 bytes) -> 1:zavyT/cezQr1fmImYCwYnMXbgck=
00:00 3f:fe:05:01:00:00:10:01:00:00:00:00:00:00:00:02 3f:fe:05:07:00:00:00:01:02:00:86:ff:fe:05:80:da 3a 00 00:81 00:80 (40 bytes) -> 1:+TW+HtLHvV1xnGhV1lv7XoJrqQg=
00:00 fe:80:00:00:00:00:00:00:02:00:86:ff:fe:05:80:da ff:02:00:00:00:00:00:00:00:00:00:00:00:00:00:02 3a 00 00:85 00:86 (40 bytes) -> 1:hO+sN4H+MG5MY/8hIrXPqc4ZQz0=
