00:00 c0:a8:00:01 c0:a8:00:59 01 00 00:00 00:08 (16 bytes) -> 1:X0snYXpgwiv9TZtqg64sgzUn6Dk=
