00:00 20:01:04:70:e5:bf:de:ad:49:57:21:74:e8:2c:48:87 26:07:f8:b0:40:0c:0c:03:00:00:00:00:00:00:00:1a 06 00 f9:c7 00:19 (40 bytes) -> 1:/qFaeAR+gFe1KYjMzVDsMv+wgU4=
