00:00 42:23:fa:cc 80:e8:6e:78 06 00 00:50 88:27 (16 bytes) -> 1:LQU9qZlK+B5F3KDmev6m5PMibrg=
