00:00 08:08:08:08 c0:a8:01:34 11 00 00:35 d5:39 (16 bytes) -> 1:d/FP5EW3wiY1vCndhwleRRKHowQ=
